225	10″_TILE_SAW_BLADE-SAW-BLADE	10″ Tile Saw Blade	10″ Tile Saw Blade (N250S)
224	14″_350MM_PDA_SERIES-FSL350PDA	14″/350mm PDA Series	14″/350mm PDA Series (FSL350PDA)
223	16″_400MM_PDA_SERIES-FSL400PDA	16″/400mm PDA Series	16″/400mm PDA Series (FSL400PDA)
222	10″_TILE_SAW_BLADE-60-2	10″ Tile Saw Blade	10″ Tile Saw Blade (N250P)
221	9″_40_TEETH_WOOD-TEETH-WOOD	9″ 40 Teeth Wood	9″ 40-Tooth Wood Blade (9)
170	14″_350MM_DUALBOND_SERIES	14″ / 350mm DualBond Series	14″/350mm DualBond Series
162	7″_PCD	7″ – PCD	7″ PCD
161	4″_PCD	4″ – PCD	4″ PCD
146	4″-_6.5MM	4″- 6.5mm	4″-6.5mm Segment
145	4″_10MM	4″ – 10mm	4″-10mm Segment
144	7″_6.5MM	7″ – 6.5mm	7″-6.5mm Segment
143	14″_6.5MM	14″ – 6.5mm	14″-6.5mm Segment
142	14″_9.5MM	14″ – 9.5mm	14″-9.5mm Segment
133	9″_230MM_PDA_SERIES	9″/ 230mm PDA Series	9″/230mm PDA Series
131	14″_350MM_PDA_SERIES	14″/350mm PDA Series	14″/350mm PDA Series (PDA350HSS)
130	16″_400MM_PDA_SERIES	16″/400mm PDA Series	16″/400mm PDA Series (PDA400HSS)
127	14″_350MM_ECOSMART_SERIES	14″ / 350mm EcoSmart Series	14″/350mm EcoSmart Series
124	14″_350MM_ECOSAVE_SERIES	14″ / 350mm EcoSave Series	14″/350mm EcoSave Series
121	14″_350MM_CLASSIC_SERIES	14″ / 350mm CLASSIC Series	14″/350mm CLASSIC Series
120	14″_350MM_WARLORD_SERIES	14″ / 350mm WARLORD Series	14″/350mm WARLORD Series
108	10″_TILE_SAW_BLADE	10″ Tile Saw Blade	10″ Tile Saw Blade (CR250J2510P)
106	DD1-_14MM	DD1-Ø14mm	DD1 Ø14mm
105	DD1-_18MM	DD1-Ø18mm	DD1 Ø18mm
104	DD1-_20MM	DD1-Ø20mm	DD1 Ø20mm
103	DD1-_22MM	DD1-Ø22mm	DD1 Ø22mm
102	DD1-_24MM	DD1-Ø24mm	DD1 Ø24mm
101	DD1-_26MM	DD1-Ø26mm	DD1 Ø26mm
100	DD1-_28MM	DD1-Ø28mm	DD1 Ø28mm
99	DD1-_32MM	DD1-Ø32mm	DD1 Ø32mm
98	DD1-_36MM	DD1-Ø36mm	DD1 Ø36mm
97	DD1-_38MM	DD1-Ø38mm	DD1 Ø38mm
96	CBT-_52MM	CBT-Ø52mm	CBT Ø52mm
95	CBT-_76MM	CBT-Ø76mm	CBT Ø76mm
94	CBT-_110MM	CBT-Ø110mm	CBT Ø110mm
93	CBT-_127MM	CBT-Ø127mm	CBT Ø127mm
92	CBT-_160MM	CBT-Ø160mm	CBT Ø160mm
91	CBT-_180MM	CBT-Ø180mm	CBT Ø180mm
90	CBT-_200MM	CBT-Ø200mm	CBT Ø200mm
89	CBT-_250MM	CBT-Ø250mm	CBT Ø250mm
88	CBT-_65MM	CBT-Ø65mm	CBT Ø65mm
87	DORAI-_52MM	DORAI-Ø52mm	DORAI Ø52mm
62	4″_40_TEETH_WOOD	4″ 40 Teeth Wood	4″ 40-Tooth Wood Blade
61	7″_40_TEETH_WOOD	7″ 40 Teeth Wood	7″ 40-Tooth Wood Blade
60	7″_60_TEETH_WOOD	7″ 60 Teeth Wood	7″ 60-Tooth Wood Blade
59	7″_80_TEETH_WOOD	7″ 80 Teeth Wood	7″ 80-Tooth Wood Blade
58	9″_60_TEETH_WOOD	9″ 60 Teeth Wood	9″ 60-Tooth Wood Blade
55	10″_100_TEETH_ALUMINIUM	10″ 100 Teeth Aluminium	10″ 100-Tooth Aluminium Blade
33	SBB_SERIES_50MM_INNER_DIAMETER	SBB Series Ø50mm Inner Diameter	SBB Ø50mm
32	SBB_SERIES_100MM_INNER_DIAMETER	SBB Series Ø100mm Inner Diameter	SBB Ø100mm
14	14″_350MM_DBS_III_NEW	14″/Ø350mm DBS III ( NEW! )	14″/Ø350mm DBS III
8	9″_40_TEETH_WOOD	9″ 40 Teeth Wood	9″ 40-Tooth Wood Blade (TCT23040ATBP)
7	10″_60_TEETH_WOOD	10″ 60 Teeth Wood	10″ 60-Tooth Wood Blade
6	12″_60_TEETH_WOOD	12″ 60 Teeth Wood	12″ 60-Tooth Wood Blade
5	14″_80_TEETH_WOOD	14″ 80 Teeth Wood	14″ 80-Tooth Wood Blade
4	4″_40_TEETH_ALUMINIUM	4″ 40 Teeth Aluminium	4″ 40-Tooth Aluminium Blade
3	10″_120_TEETH_ALUMINIUM	10″ 120 Teeth Aluminium	10″ 120-Tooth Aluminium Blade
2	12″_120_TEETH_ALUMINIUM	12″ 120 Teeth Aluminium	12″ 120-Tooth Aluminium Blade
